src/components/layout/Sidebar.tsx(245,13): error TS2322: Type '(index: number, type: CardType) => void' is not assignable to type '(index: number, type: CardType) => Promise<void>'.
  Type 'void' is not assignable to type 'Promise<void>'.
src/components/layout/sidebar/acoustics/ResonanceContent.tsx(44,7): error TS2322: Type 'boolean | undefined' is not assignable to type 'boolean'.
  Type 'undefined' is not assignable to type 'boolean'.
src/components/layout/sidebar/acoustics/ResonanceContent.tsx(45,7): error TS2322: Type 'boolean | undefined' is not assignable to type 'boolean'.
  Type 'undefined' is not assignable to type 'boolean'.
src/components/layout/sidebar/acoustics/SimulationResultContent.tsx(366,48): error TS2551: Property 'sim_len_type' does not exist on type '{ simulation_method: "DE" | "DG"; de_sim_len_type: "edt" | "ir_length"; de_edt: number; de_ir_length: number; de_c0: number; de_lc: number; dg_freq_upper_limit: number; dg_c0: number; dg_rho0: number; dg_ir_length: number; dg_poly_order: number; dg_ppw: number; dg_cfl: number; }'. Did you mean 'de_sim_len_type'?
src/components/layout/sidebar/acoustics/SimulationResultContent.tsx(368,53): error TS2339: Property 'edt' does not exist on type '{ simulation_method: "DE" | "DG"; de_sim_len_type: "edt" | "ir_length"; de_edt: number; de_ir_length: number; de_c0: number; de_lc: number; dg_freq_upper_limit: number; dg_c0: number; dg_rho0: number; dg_ir_length: number; dg_poly_order: number; dg_ppw: number; dg_cfl: number; }'.
src/components/layout/sidebar/acoustics/SimulationResultContent.tsx(369,14): error TS2367: This comparison appears to be unintentional because the types '"resonance"' and '"choras"' have no overlap.
src/components/layout/sidebar/acoustics/SimulationResultContent.tsx(369,72): error TS2339: Property 'settings' does not exist on type 'never'.
src/components/layout/sidebar/AdvancedSettingsSection.tsx(8,57): error TS5097: An import path can only end with a '.mts' extension when 'allowImportingTsExtensions' is enabled.
src/components/scene/SpeckleScene.tsx(1559,21): error TS2448: Block-scoped variable 'stopTimeline' used before its declaration.
src/components/scene/SpeckleScene.tsx(1559,21): error TS2454: Variable 'stopTimeline' is used before being assigned.
src/components/scene/SpeckleScene.tsx(3362,13): error TS2322: Type '{ sounds: TimelineSound[]; currentTime: number; onSeek: (timeMs: number) => Promise<void>; mutedSounds: Set<string>; soloedSound: string | null; onRefresh: () => void; onDownload: () => Promise<...>; }' is not assignable to type 'IntrinsicAttributes & WaveSurferTimelineProps'.
  Property 'mutedSounds' does not exist on type 'IntrinsicAttributes & WaveSurferTimelineProps'.
src/Documentation/AreaMeasurement.ts(25,30): error TS2307: Cannot find module '../../../IViewer.js' or its corresponding type declarations.
src/Documentation/AreaMeasurement.ts(26,37): error TS2307: Cannot find module '../../converter/Units.js' or its corresponding type declarations.
src/Documentation/AreaMeasurement.ts(27,26): error TS2307: Cannot find module '../../converter/Geometry.js' or its corresponding type declarations.
src/Documentation/AreaMeasurement.ts(28,23): error TS7016: Could not find a declaration file for module 'polylabel'. 'C:/Users/tbouizargan/repos/compas_soundscape/frontend/node_modules/polylabel/polylabel.js' implicitly has an 'any' type.
  Try `npm i --save-dev @types/polylabel` if it exists or add a new declaration (.d.ts) file containing `declare module 'polylabel';`
src/Documentation/AreaMeasurement.ts(29,34): error TS2307: Cannot find module '../../materials/SpeckleBasicMaterial.js' or its corresponding type declarations.
src/Documentation/AreaMeasurement.ts(30,39): error TS2307: Cannot find module './MeasurementPointGizmo.js' or its corresponding type declarations.
src/Documentation/AreaMeasurement.ts(31,42): error TS2307: Cannot find module '../../objects/SpeckleRaycaster.js' or its corresponding type declarations.
src/Documentation/AreaMeasurement.ts(64,11): error TS2564: Property 'fillPolygon' has no initializer and is not definitely assigned in the constructor.
src/Documentation/AreaMeasurement.ts(86,10): error TS2540: Cannot assign to 'type' because it is a read-only property.
src/Documentation/Measurement.ts(12,42): error TS2307: Cannot find module '../../objects/SpeckleRaycaster.js' or its corresponding type declarations.
src/Documentation/Measurement.ts(27,10): error TS2564: Property 'startLineLength' has no initializer and is not definitely assigned in the constructor.
src/Documentation/Measurement.ts(28,10): error TS2564: Property 'endLineLength' has no initializer and is not definitely assigned in the constructor.
src/Documentation/Measurement.ts(35,13): error TS2564: Property 'renderingCamera' has no initializer and is not definitely assigned in the constructor.
src/Documentation/MeasurementsExtension.ts(1,29): error TS2307: Cannot find module '../../SpeckleRenderer.js' or its corresponding type declarations.
src/Documentation/MeasurementsExtension.ts(3,44): error TS2307: Cannot find module '../../../IViewer.js' or its corresponding type declarations.
src/Documentation/MeasurementsExtension.ts(4,42): error TS2307: Cannot find module './PerpendicularMeasurement.js' or its corresponding type declarations.
src/Documentation/MeasurementsExtension.ts(6,41): error TS2307: Cannot find module './PointToPointMeasurement.js' or its corresponding type declarations.
src/Documentation/MeasurementsExtension.ts(8,42): error TS2307: Cannot find module '../../objects/SpeckleRaycaster.js' or its corresponding type declarations.
src/Documentation/MeasurementsExtension.ts(9,34): error TS2307: Cannot find module '../../materials/SpeckleGhostMaterial.js' or its corresponding type declarations.
src/Documentation/MeasurementsExtension.ts(10,27): error TS2307: Cannot find module '../Extension.js' or its corresponding type declarations.
src/Documentation/MeasurementsExtension.ts(11,28): error TS2307: Cannot find module '../../input/Input.js' or its corresponding type declarations.
src/Documentation/MeasurementsExtension.ts(12,34): error TS2307: Cannot find module '../CameraController.js' or its corresponding type declarations.
src/Documentation/MeasurementsExtension.ts(13,20): error TS2307: Cannot find module '../../utils/Logger.js' or its corresponding type declarations.
src/Documentation/MeasurementsExtension.ts(15,34): error TS2307: Cannot find module './PointMeasurement.js' or its corresponding type declarations.
src/Documentation/MeasurementsExtension.ts(21,30): error TS7016: Could not find a declaration file for module 'lodash-es'. 'C:/Users/tbouizargan/repos/compas_soundscape/frontend/node_modules/.pnpm/lodash-es@4.18.1/node_modules/lodash-es/lodash.js' implicitly has an 'any' type.
  Try `npm i --save-dev @types/lodash-es` if it exists or add a new declaration (.d.ts) file containing `declare module 'lodash-es';`
src/Documentation/MeasurementsExtension.ts(66,17): error TS2551: Property '_enabled' does not exist on type 'MeasurementsExtension'. Did you mean 'enabled'?
src/Documentation/MeasurementsExtension.ts(70,10): error TS2551: Property '_enabled' does not exist on type 'MeasurementsExtension'. Did you mean 'enabled'?
src/Documentation/MeasurementsExtension.ts(76,10): error TS2339: Property 'viewer' does not exist on type 'MeasurementsExtension'.
src/Documentation/MeasurementsExtension.ts(112,10): error TS2339: Property 'emit' does not exist on type 'MeasurementsExtension'.
src/Documentation/MeasurementsExtension.ts(113,10): error TS2339: Property 'emit' does not exist on type 'MeasurementsExtension'.
src/Documentation/MeasurementsExtension.ts(142,12): error TS2551: Property '_enabled' does not exist on type 'MeasurementsExtension'. Did you mean 'enabled'?
src/Documentation/MeasurementsExtension.ts(149,14): error TS2551: Property '_enabled' does not exist on type 'MeasurementsExtension'. Did you mean 'enabled'?
src/Documentation/MeasurementsExtension.ts(153,10): error TS2551: Property '_enabled' does not exist on type 'MeasurementsExtension'. Did you mean 'enabled'?
src/Documentation/MeasurementsExtension.ts(161,15): error TS2551: Property '_enabled' does not exist on type 'MeasurementsExtension'. Did you mean 'enabled'?
src/Documentation/MeasurementsExtension.ts(212,12): error TS2339: Property 'viewer' does not exist on type 'MeasurementsExtension'.
src/Documentation/MeasurementsExtension.ts(223,15): error TS2551: Property '_enabled' does not exist on type 'MeasurementsExtension'. Did you mean 'enabled'?
src/Documentation/MeasurementsExtension.ts(369,10): error TS2339: Property 'viewer' does not exist on type 'MeasurementsExtension'.
src/Documentation/MeasurementsExtension.ts(399,10): error TS2339: Property 'viewer' does not exist on type 'MeasurementsExtension'.
src/Documentation/MeasurementsExtension.ts(428,12): error TS2339: Property 'viewer' does not exist on type 'MeasurementsExtension'.
src/Documentation/MeasurementsExtension.ts(452,8): error TS7006: Parameter 'm' implicitly has an 'any' type.
src/Documentation/MeasurementsExtension.ts(473,10): error TS2339: Property 'viewer' does not exist on type 'MeasurementsExtension'.
src/Documentation/MeasurementsExtension.ts(485,14): error TS2339: Property 'viewer' does not exist on type 'MeasurementsExtension'.
src/Documentation/MeasurementsExtension.ts(567,10): error TS2339: Property 'viewer' does not exist on type 'MeasurementsExtension'.
src/Documentation/MeasurementsExtension.ts(574,12): error TS2339: Property 'viewer' does not exist on type 'MeasurementsExtension'.
src/Documentation/MeasurementsExtension.ts(588,12): error TS2339: Property 'viewer' does not exist on type 'MeasurementsExtension'.
src/lib/audio/playback-scheduler-service.ts(459,42): error TS2339: Property 'set' does not exist on type 'ReadonlyMap<string, ScheduledSound>'.
src/lib/audio/playback-scheduler-service.ts(474,42): error TS2339: Property 'set' does not exist on type 'ReadonlyMap<string, ScheduledSound>'.
src/lib/three/sound-sphere-manager.ts(711,38): error TS2345: Argument of type 'string | undefined' is not assignable to parameter of type 'string'.
  Type 'undefined' is not assignable to type 'string'.
src/services/elevenlabs.mts(80,5): error TS2561: Object literal may only specify known properties, but 'duration_seconds' does not exist in type 'CreateSoundEffectRequest'. Did you mean to write 'durationSeconds'?
src/services/elevenlabs.mts(99,25): error TS2345: Argument of type 'Uint8Array<ArrayBufferLike>[]' is not assignable to parameter of type 'BlobPart[]'.
  Type 'Uint8Array<ArrayBufferLike>' is not assignable to type 'BlobPart'.
    Type 'Uint8Array<ArrayBufferLike>' is not assignable to type 'ArrayBufferView<ArrayBuffer>'.
      Types of property 'buffer' are incompatible.
        Type 'ArrayBufferLike' is not assignable to type 'ArrayBuffer'.
          Type 'SharedArrayBuffer' is missing the following properties from type 'ArrayBuffer': resizable, resize, detached, transfer, transferToFixedLength
src/store/analysisStore.ts(441,45): error TS18048: 'config.numSounds' is possibly 'undefined'.
src/store/chorasStore.ts(265,15): error TS2345: Argument of type '{ (partial: ChorasStoreState | Partial<ChorasStoreState> | ((state: ChorasStoreState) => ChorasStoreState | Partial<...>), replace?: false | undefined, action?: Action | undefined): void; (state: ChorasStoreState | ((state: ChorasStoreState) => ChorasStoreState), replace: true, action?: Action | undefined): void; }' is not assignable to parameter of type '(partial: Partial<ChorasStoreState> | ((s: ChorasStoreState) => Partial<ChorasStoreState>), replace?: boolean | undefined, action?: string | undefined) => void'.
  Types of parameters 'replace' and 'replace' are incompatible.
    Type 'boolean | undefined' is not assignable to type 'false | undefined'.
      Type 'true' is not assignable to type 'false'.
src/store/chorasStore.ts(293,18): error TS2345: Argument of type '{ (partial: ChorasStoreState | Partial<ChorasStoreState> | ((state: ChorasStoreState) => ChorasStoreState | Partial<...>), replace?: false | undefined, action?: Action | undefined): void; (state: ChorasStoreState | ((state: ChorasStoreState) => ChorasStoreState), replace: true, action?: Action | undefined): void; }' is not assignable to parameter of type '(partial: Partial<ChorasStoreState> | ((s: ChorasStoreState) => Partial<ChorasStoreState>), replace?: boolean | undefined, action?: string | undefined) => void'.
  Types of parameters 'replace' and 'replace' are incompatible.
    Type 'boolean | undefined' is not assignable to type 'false | undefined'.
      Type 'true' is not assignable to type 'false'.
src/store/chorasStore.ts(315,18): error TS2345: Argument of type '{ (partial: ChorasStoreState | Partial<ChorasStoreState> | ((state: ChorasStoreState) => ChorasStoreState | Partial<...>), replace?: false | undefined, action?: Action | undefined): void; (state: ChorasStoreState | ((state: ChorasStoreState) => ChorasStoreState), replace: true, action?: Action | undefined): void; }' is not assignable to parameter of type '(partial: Partial<ChorasStoreState> | ((s: ChorasStoreState) => Partial<ChorasStoreState>), replace?: boolean | undefined, action?: string | undefined) => void'.
  Types of parameters 'replace' and 'replace' are incompatible.
    Type 'boolean | undefined' is not assignable to type 'false | undefined'.
      Type 'true' is not assignable to type 'false'.
src/store/chorasStore.ts(333,20): error TS2345: Argument of type '{ (partial: ChorasStoreState | Partial<ChorasStoreState> | ((state: ChorasStoreState) => ChorasStoreState | Partial<...>), replace?: false | undefined, action?: Action | undefined): void; (state: ChorasStoreState | ((state: ChorasStoreState) => ChorasStoreState), replace: true, action?: Action | undefined): void; }' is not assignable to parameter of type '(partial: Partial<ChorasStoreState> | ((s: ChorasStoreState) => Partial<ChorasStoreState>), replace?: boolean | undefined, action?: string | undefined) => void'.
  Types of parameters 'replace' and 'replace' are incompatible.
    Type 'boolean | undefined' is not assignable to type 'false | undefined'.
      Type 'true' is not assignable to type 'false'.
src/store/chorasStore.ts(342,17): error TS2345: Argument of type '{ (partial: ChorasStoreState | Partial<ChorasStoreState> | ((state: ChorasStoreState) => ChorasStoreState | Partial<...>), replace?: false | undefined, action?: Action | undefined): void; (state: ChorasStoreState | ((state: ChorasStoreState) => ChorasStoreState), replace: true, action?: Action | undefined): void; }' is not assignable to parameter of type '(partial: Partial<ChorasStoreState> | ((s: ChorasStoreState) => Partial<ChorasStoreState>), replace?: boolean | undefined, action?: string | undefined) => void'.
  Types of parameters 'replace' and 'replace' are incompatible.
    Type 'boolean | undefined' is not assignable to type 'false | undefined'.
      Type 'true' is not assignable to type 'false'.
src/store/chorasStore.ts(352,19): error TS2345: Argument of type '{ (partial: ChorasStoreState | Partial<ChorasStoreState> | ((state: ChorasStoreState) => ChorasStoreState | Partial<...>), replace?: false | undefined, action?: Action | undefined): void; (state: ChorasStoreState | ((state: ChorasStoreState) => ChorasStoreState), replace: true, action?: Action | undefined): void; }' is not assignable to parameter of type '(partial: Partial<ChorasStoreState> | ((s: ChorasStoreState) => Partial<ChorasStoreState>), replace?: boolean | undefined, action?: string | undefined) => void'.
  Types of parameters 'replace' and 'replace' are incompatible.
    Type 'boolean | undefined' is not assignable to type 'false | undefined'.
      Type 'true' is not assignable to type 'false'.
src/store/chorasStore.ts(370,15): error TS2345: Argument of type '{ (partial: ChorasStoreState | Partial<ChorasStoreState> | ((state: ChorasStoreState) => ChorasStoreState | Partial<...>), replace?: false | undefined, action?: Action | undefined): void; (state: ChorasStoreState | ((state: ChorasStoreState) => ChorasStoreState), replace: true, action?: Action | undefined): void; }' is not assignable to parameter of type '(partial: Partial<ChorasStoreState> | ((s: ChorasStoreState) => Partial<ChorasStoreState>), replace?: boolean | undefined, action?: string | undefined) => void'.
  Types of parameters 'replace' and 'replace' are incompatible.
    Type 'boolean | undefined' is not assignable to type 'false | undefined'.
      Type 'true' is not assignable to type 'false'.
src/store/chorasStore.ts(379,13): error TS2345: Argument of type '{ (partial: ChorasStoreState | Partial<ChorasStoreState> | ((state: ChorasStoreState) => ChorasStoreState | Partial<...>), replace?: false | undefined, action?: Action | undefined): void; (state: ChorasStoreState | ((state: ChorasStoreState) => ChorasStoreState), replace: true, action?: Action | undefined): void; }' is not assignable to parameter of type '(partial: Partial<ChorasStoreState> | ((s: ChorasStoreState) => Partial<ChorasStoreState>), replace?: boolean | undefined, action?: string | undefined) => void'.
  Types of parameters 'replace' and 'replace' are incompatible.
    Type 'boolean | undefined' is not assignable to type 'false | undefined'.
      Type 'true' is not assignable to type 'false'.
src/store/chorasStore.ts(440,26): error TS2345: Argument of type '{ (partial: ChorasStoreState | Partial<ChorasStoreState> | ((state: ChorasStoreState) => ChorasStoreState | Partial<...>), replace?: false | undefined, action?: Action | undefined): void; (state: ChorasStoreState | ((state: ChorasStoreState) => ChorasStoreState), replace: true, action?: Action | undefined): void; }' is not assignable to parameter of type '(partial: Partial<ChorasStoreState> | ((s: ChorasStoreState) => Partial<ChorasStoreState>), replace?: boolean | undefined, action?: string | undefined) => void'.
  Types of parameters 'replace' and 'replace' are incompatible.
    Type 'boolean | undefined' is not assignable to type 'false | undefined'.
      Type 'true' is not assignable to type 'false'.
src/store/chorasStore.ts(446,28): error TS2345: Argument of type '{ (partial: ChorasStoreState | Partial<ChorasStoreState> | ((state: ChorasStoreState) => ChorasStoreState | Partial<...>), replace?: false | undefined, action?: Action | undefined): void; (state: ChorasStoreState | ((state: ChorasStoreState) => ChorasStoreState), replace: true, action?: Action | undefined): void; }' is not assignable to parameter of type '(partial: Partial<ChorasStoreState> | ((s: ChorasStoreState) => Partial<ChorasStoreState>), replace?: boolean | undefined, action?: string | undefined) => void'.
  Types of parameters 'replace' and 'replace' are incompatible.
    Type 'boolean | undefined' is not assignable to type 'false | undefined'.
      Type 'true' is not assignable to type 'false'.
src/store/chorasStore.ts(487,21): error TS2345: Argument of type '{ (partial: ChorasStoreState | Partial<ChorasStoreState> | ((state: ChorasStoreState) => ChorasStoreState | Partial<...>), replace?: false | undefined, action?: Action | undefined): void; (state: ChorasStoreState | ((state: ChorasStoreState) => ChorasStoreState), replace: true, action?: Action | undefined): void; }' is not assignable to parameter of type '(partial: Partial<ChorasStoreState> | ((s: ChorasStoreState) => Partial<ChorasStoreState>), replace?: boolean | undefined, action?: string | undefined) => void'.
  Types of parameters 'replace' and 'replace' are incompatible.
    Type 'boolean | undefined' is not assignable to type 'false | undefined'.
      Type 'true' is not assignable to type 'false'.
src/store/chorasStore.ts(516,15): error TS2345: Argument of type '{ (partial: ChorasStoreState | Partial<ChorasStoreState> | ((state: ChorasStoreState) => ChorasStoreState | Partial<...>), replace?: false | undefined, action?: Action | undefined): void; (state: ChorasStoreState | ((state: ChorasStoreState) => ChorasStoreState), replace: true, action?: Action | undefined): void; }' is not assignable to parameter of type '(partial: Partial<ChorasStoreState> | ((s: ChorasStoreState) => Partial<ChorasStoreState>), replace?: boolean | undefined, action?: string | undefined) => void'.
  Types of parameters 'replace' and 'replace' are incompatible.
    Type 'boolean | undefined' is not assignable to type 'false | undefined'.
      Type 'true' is not assignable to type 'false'.
src/store/index.ts(35,3): error TS2345: Argument of type 'StoreApi<TemporalState<{ materialAssignments: Map<string, string>; scatteringAssignments: Map<string, number>; }>>' is not assignable to parameter of type 'AnyTemporalStore'.
  Types of property 'setState' are incompatible.
    Type '{ (partial: TemporalState<{ materialAssignments: Map<string, string>; scatteringAssignments: Map<string, number>; }> | Partial<TemporalState<{ materialAssignments: Map<string, string>; scatteringAssignments: Map<...>; }>> | ((state: TemporalState<...>) => TemporalState<...> | Partial<...>), replace?: false | undefin...' is not assignable to type '(partial: Partial<TemporalState<unknown>> | ((s: TemporalState<unknown>) => Partial<TemporalState<unknown>>)) => void'.
      Types of parameters 'partial' and 'partial' are incompatible.
        Type 'Partial<TemporalState<unknown>> | ((s: TemporalState<unknown>) => Partial<TemporalState<unknown>>)' is not assignable to type 'TemporalState<{ materialAssignments: Map<string, string>; scatteringAssignments: Map<string, number>; }> | Partial<TemporalState<{ materialAssignments: Map<string, string>; scatteringAssignments: Map<...>; }>> | ((state: TemporalState<...>) => TemporalState<...> | Partial<...>)'.
          Type 'Partial<TemporalState<unknown>>' is not assignable to type 'TemporalState<{ materialAssignments: Map<string, string>; scatteringAssignments: Map<string, number>; }> | Partial<TemporalState<{ materialAssignments: Map<string, string>; scatteringAssignments: Map<...>; }>> | ((state: TemporalState<...>) => TemporalState<...> | Partial<...>)'.
            Type 'Partial<TemporalState<unknown>>' is not assignable to type 'Partial<TemporalState<{ materialAssignments: Map<string, string>; scatteringAssignments: Map<string, number>; }>>'.
              Types of property 'setOnSave' are incompatible.
                Type '((onSave: onSave<unknown>) => void) | undefined' is not assignable to type '((onSave: onSave<{ materialAssignments: Map<string, string>; scatteringAssignments: Map<string, number>; }>) => void) | undefined'.
                  Type '(onSave: onSave<unknown>) => void' is not assignable to type '(onSave: onSave<{ materialAssignments: Map<string, string>; scatteringAssignments: Map<string, number>; }>) => void'.
                    Types of parameters 'onSave' and 'onSave' are incompatible.
                      Types of parameters 'pastState' and 'pastState' are incompatible.
                        Type 'unknown' is not assignable to type '{ materialAssignments: Map<string, string>; scatteringAssignments: Map<string, number>; }'.
src/store/index.ts(40,3): error TS2345: Argument of type 'StoreApi<TemporalState<{ soundVolumes: { [x: string]: number; }; soundIntervals: { [x: string]: number; }; soundTrims: { [x: string]: { start: number; end: number; }; }; selectedVariants: { [x: number]: number; }; mutedSounds: Set<...>; soloedSound: string | null; intervalJitterSeconds: number; }>>' is not assignable to parameter of type 'AnyTemporalStore'.
  Types of property 'setState' are incompatible.
    Type '{ (partial: TemporalState<{ soundVolumes: { [x: string]: number; }; soundIntervals: { [x: string]: number; }; soundTrims: { [x: string]: { start: number; end: number; }; }; selectedVariants: { [x: number]: number; }; mutedSounds: Set<...>; soloedSound: string | null; intervalJitterSeconds: number; }> | Partial<...> ...' is not assignable to type '(partial: Partial<TemporalState<unknown>> | ((s: TemporalState<unknown>) => Partial<TemporalState<unknown>>)) => void'.
      Types of parameters 'partial' and 'partial' are incompatible.
        Type 'Partial<TemporalState<unknown>> | ((s: TemporalState<unknown>) => Partial<TemporalState<unknown>>)' is not assignable to type 'TemporalState<{ soundVolumes: { [x: string]: number; }; soundIntervals: { [x: string]: number; }; soundTrims: { [x: string]: { start: number; end: number; }; }; selectedVariants: { [x: number]: number; }; mutedSounds: Set<...>; soloedSound: string | null; intervalJitterSeconds: number; }> | Partial<...> | ((state: T...'.
          Type 'Partial<TemporalState<unknown>>' is not assignable to type 'TemporalState<{ soundVolumes: { [x: string]: number; }; soundIntervals: { [x: string]: number; }; soundTrims: { [x: string]: { start: number; end: number; }; }; selectedVariants: { [x: number]: number; }; mutedSounds: Set<...>; soloedSound: string | null; intervalJitterSeconds: number; }> | Partial<...> | ((state: T...'.
            Type 'Partial<TemporalState<unknown>>' is not assignable to type 'Partial<TemporalState<{ soundVolumes: { [x: string]: number; }; soundIntervals: { [x: string]: number; }; soundTrims: { [x: string]: { start: number; end: number; }; }; selectedVariants: { [x: number]: number; }; mutedSounds: Set<...>; soloedSound: string | null; intervalJitterSeconds: number; }>>'.
              Types of property 'setOnSave' are incompatible.
                Type '((onSave: onSave<unknown>) => void) | undefined' is not assignable to type '((onSave: onSave<{ soundVolumes: { [x: string]: number; }; soundIntervals: { [x: string]: number; }; soundTrims: { [x: string]: { start: number; end: number; }; }; selectedVariants: { [x: number]: number; }; mutedSounds: Set<...>; soloedSound: string | null; intervalJitterSeconds: number; }>) => void) | undefined'.
                  Type '(onSave: onSave<unknown>) => void' is not assignable to type '(onSave: onSave<{ soundVolumes: { [x: string]: number; }; soundIntervals: { [x: string]: number; }; soundTrims: { [x: string]: { start: number; end: number; }; }; selectedVariants: { [x: number]: number; }; mutedSounds: Set<...>; soloedSound: string | null; intervalJitterSeconds: number; }>) => void'.
                    Types of parameters 'onSave' and 'onSave' are incompatible.
                      Types of parameters 'pastState' and 'pastState' are incompatible.
                        Type 'unknown' is not assignable to type '{ soundVolumes: { [x: string]: number; }; soundIntervals: { [x: string]: number; }; soundTrims: { [x: string]: { start: number; end: number; }; }; selectedVariants: { [x: number]: number; }; mutedSounds: Set<...>; soloedSound: string | null; intervalJitterSeconds: number; }'.
src/store/index.ts(45,3): error TS2345: Argument of type 'StoreApi<TemporalState<{ hiddenObjectIds: Set<string>; isolatedObjectIds: Set<string>; }>>' is not assignable to parameter of type 'AnyTemporalStore'.
  Types of property 'setState' are incompatible.
    Type '{ (partial: TemporalState<{ hiddenObjectIds: Set<string>; isolatedObjectIds: Set<string>; }> | Partial<TemporalState<{ hiddenObjectIds: Set<string>; isolatedObjectIds: Set<string>; }>> | ((state: TemporalState<...>) => TemporalState<...> | Partial<...>), replace?: false | undefined): void; (state: TemporalState<...>...' is not assignable to type '(partial: Partial<TemporalState<unknown>> | ((s: TemporalState<unknown>) => Partial<TemporalState<unknown>>)) => void'.
      Types of parameters 'partial' and 'partial' are incompatible.
        Type 'Partial<TemporalState<unknown>> | ((s: TemporalState<unknown>) => Partial<TemporalState<unknown>>)' is not assignable to type 'TemporalState<{ hiddenObjectIds: Set<string>; isolatedObjectIds: Set<string>; }> | Partial<TemporalState<{ hiddenObjectIds: Set<string>; isolatedObjectIds: Set<string>; }>> | ((state: TemporalState<...>) => TemporalState<...> | Partial<...>)'.
          Type 'Partial<TemporalState<unknown>>' is not assignable to type 'TemporalState<{ hiddenObjectIds: Set<string>; isolatedObjectIds: Set<string>; }> | Partial<TemporalState<{ hiddenObjectIds: Set<string>; isolatedObjectIds: Set<string>; }>> | ((state: TemporalState<...>) => TemporalState<...> | Partial<...>)'.
            Type 'Partial<TemporalState<unknown>>' is not assignable to type 'Partial<TemporalState<{ hiddenObjectIds: Set<string>; isolatedObjectIds: Set<string>; }>>'.
              Types of property 'setOnSave' are incompatible.
                Type '((onSave: onSave<unknown>) => void) | undefined' is not assignable to type '((onSave: onSave<{ hiddenObjectIds: Set<string>; isolatedObjectIds: Set<string>; }>) => void) | undefined'.
                  Type '(onSave: onSave<unknown>) => void' is not assignable to type '(onSave: onSave<{ hiddenObjectIds: Set<string>; isolatedObjectIds: Set<string>; }>) => void'.
                    Types of parameters 'onSave' and 'onSave' are incompatible.
                      Types of parameters 'pastState' and 'pastState' are incompatible.
                        Type 'unknown' is not assignable to type '{ hiddenObjectIds: Set<string>; isolatedObjectIds: Set<string>; }'.
src/store/index.ts(50,3): error TS2345: Argument of type 'StoreApi<TemporalState<{ receivers: { id: string; name: string; position: [number, number, number]; hiddenForSimulation: boolean | undefined; }[]; selectedReceiverId: string | null; }>>' is not assignable to parameter of type 'AnyTemporalStore'.
  Types of property 'setState' are incompatible.
    Type '{ (partial: TemporalState<{ receivers: { id: string; name: string; position: [number, number, number]; hiddenForSimulation: boolean | undefined; }[]; selectedReceiverId: string | null; }> | Partial<...> | ((state: TemporalState<...>) => TemporalState<...> | Partial<...>), replace?: false | undefined): void; (state: ...' is not assignable to type '(partial: Partial<TemporalState<unknown>> | ((s: TemporalState<unknown>) => Partial<TemporalState<unknown>>)) => void'.
      Types of parameters 'partial' and 'partial' are incompatible.
        Type 'Partial<TemporalState<unknown>> | ((s: TemporalState<unknown>) => Partial<TemporalState<unknown>>)' is not assignable to type 'TemporalState<{ receivers: { id: string; name: string; position: [number, number, number]; hiddenForSimulation: boolean | undefined; }[]; selectedReceiverId: string | null; }> | Partial<...> | ((state: TemporalState<...>) => TemporalState<...> | Partial<...>)'.
          Type 'Partial<TemporalState<unknown>>' is not assignable to type 'TemporalState<{ receivers: { id: string; name: string; position: [number, number, number]; hiddenForSimulation: boolean | undefined; }[]; selectedReceiverId: string | null; }> | Partial<...> | ((state: TemporalState<...>) => TemporalState<...> | Partial<...>)'.
            Type 'Partial<TemporalState<unknown>>' is not assignable to type 'Partial<TemporalState<{ receivers: { id: string; name: string; position: [number, number, number]; hiddenForSimulation: boolean | undefined; }[]; selectedReceiverId: string | null; }>>'.
              Types of property 'setOnSave' are incompatible.
                Type '((onSave: onSave<unknown>) => void) | undefined' is not assignable to type '((onSave: onSave<{ receivers: { id: string; name: string; position: [number, number, number]; hiddenForSimulation: boolean | undefined; }[]; selectedReceiverId: string | null; }>) => void) | undefined'.
                  Type '(onSave: onSave<unknown>) => void' is not assignable to type '(onSave: onSave<{ receivers: { id: string; name: string; position: [number, number, number]; hiddenForSimulation: boolean | undefined; }[]; selectedReceiverId: string | null; }>) => void'.
                    Types of parameters 'onSave' and 'onSave' are incompatible.
                      Types of parameters 'pastState' and 'pastState' are incompatible.
                        Type 'unknown' is not assignable to type '{ receivers: { id: string; name: string; position: [number, number, number]; hiddenForSimulation: boolean | undefined; }[]; selectedReceiverId: string | null; }'.
src/store/index.ts(55,3): error TS2345: Argument of type 'StoreApi<TemporalState<{ roomMaterials: { left: string; right: string; front: string; back: string; down: string; up: string; }; roomDimensions: { width: number; height: number; depth: number; }; }>>' is not assignable to parameter of type 'AnyTemporalStore'.
  Types of property 'setState' are incompatible.
    Type '{ (partial: TemporalState<{ roomMaterials: { left: string; right: string; front: string; back: string; down: string; up: string; }; roomDimensions: { width: number; height: number; depth: number; }; }> | Partial<...> | ((state: TemporalState<...>) => TemporalState<...> | Partial<...>), replace?: false | undefined): ...' is not assignable to type '(partial: Partial<TemporalState<unknown>> | ((s: TemporalState<unknown>) => Partial<TemporalState<unknown>>)) => void'.
      Types of parameters 'partial' and 'partial' are incompatible.
        Type 'Partial<TemporalState<unknown>> | ((s: TemporalState<unknown>) => Partial<TemporalState<unknown>>)' is not assignable to type 'TemporalState<{ roomMaterials: { left: string; right: string; front: string; back: string; down: string; up: string; }; roomDimensions: { width: number; height: number; depth: number; }; }> | Partial<...> | ((state: TemporalState<...>) => TemporalState<...> | Partial<...>)'.
          Type 'Partial<TemporalState<unknown>>' is not assignable to type 'TemporalState<{ roomMaterials: { left: string; right: string; front: string; back: string; down: string; up: string; }; roomDimensions: { width: number; height: number; depth: number; }; }> | Partial<...> | ((state: TemporalState<...>) => TemporalState<...> | Partial<...>)'.
            Type 'Partial<TemporalState<unknown>>' is not assignable to type 'Partial<TemporalState<{ roomMaterials: { left: string; right: string; front: string; back: string; down: string; up: string; }; roomDimensions: { width: number; height: number; depth: number; }; }>>'.
              Types of property 'setOnSave' are incompatible.
                Type '((onSave: onSave<unknown>) => void) | undefined' is not assignable to type '((onSave: onSave<{ roomMaterials: { left: string; right: string; front: string; back: string; down: string; up: string; }; roomDimensions: { width: number; height: number; depth: number; }; }>) => void) | undefined'.
                  Type '(onSave: onSave<unknown>) => void' is not assignable to type '(onSave: onSave<{ roomMaterials: { left: string; right: string; front: string; back: string; down: string; up: string; }; roomDimensions: { width: number; height: number; depth: number; }; }>) => void'.
                    Types of parameters 'onSave' and 'onSave' are incompatible.
                      Types of parameters 'pastState' and 'pastState' are incompatible.
                        Type 'unknown' is not assignable to type '{ roomMaterials: { left: string; right: string; front: string; back: string; down: string; up: string; }; roomDimensions: { width: number; height: number; depth: number; }; }'.
src/store/index.ts(60,3): error TS2345: Argument of type 'StoreApi<TemporalState<{ simulationConfigs: ({ isRunning: boolean; progress: number; currentSimulationRunId: null; type: "resonance"; id: string; state: SimulationState; createdAt: number; completedAt?: number | undefined; simulationInstanceId?: string | undefined; display_name?: string | undefined; numSounds?: numb...' is not assignable to parameter of type 'AnyTemporalStore'.
  Types of property 'setState' are incompatible.
    Type '{ (partial: TemporalState<{ simulationConfigs: ({ isRunning: boolean; progress: number; currentSimulationRunId: null; type: "resonance"; id: string; state: SimulationState; createdAt: number; completedAt?: number | undefined; simulationInstanceId?: string | undefined; display_name?: string | undefined; numSounds?: n...' is not assignable to type '(partial: Partial<TemporalState<unknown>> | ((s: TemporalState<unknown>) => Partial<TemporalState<unknown>>)) => void'.
      Types of parameters 'partial' and 'partial' are incompatible.
        Type 'Partial<TemporalState<unknown>> | ((s: TemporalState<unknown>) => Partial<TemporalState<unknown>>)' is not assignable to type 'TemporalState<{ simulationConfigs: ({ isRunning: boolean; progress: number; currentSimulationRunId: null; type: "resonance"; id: string; state: SimulationState; createdAt: number; completedAt?: number | undefined; simulationInstanceId?: string | undefined; display_name?: string | undefined; numSounds?: number | unde...'.
          Type 'Partial<TemporalState<unknown>>' is not assignable to type 'TemporalState<{ simulationConfigs: ({ isRunning: boolean; progress: number; currentSimulationRunId: null; type: "resonance"; id: string; state: SimulationState; createdAt: number; completedAt?: number | undefined; simulationInstanceId?: string | undefined; display_name?: string | undefined; numSounds?: number | unde...'.
            Type 'Partial<TemporalState<unknown>>' is not assignable to type 'Partial<TemporalState<{ simulationConfigs: ({ isRunning: boolean; progress: number; currentSimulationRunId: null; type: "resonance"; id: string; state: SimulationState; createdAt: number; completedAt?: number | undefined; simulationInstanceId?: string | undefined; display_name?: string | undefined; numSounds?: numbe...'.
              Types of property 'setOnSave' are incompatible.
                Type '((onSave: onSave<unknown>) => void) | undefined' is not assignable to type '((onSave: onSave<{ simulationConfigs: ({ isRunning: boolean; progress: number; currentSimulationRunId: null; type: "resonance"; id: string; state: SimulationState; createdAt: number; completedAt?: number | undefined; simulationInstanceId?: string | undefined; display_name?: string | undefined; numSounds?: number | u...'.
                  Type '(onSave: onSave<unknown>) => void' is not assignable to type '(onSave: onSave<{ simulationConfigs: ({ isRunning: boolean; progress: number; currentSimulationRunId: null; type: "resonance"; id: string; state: SimulationState; createdAt: number; completedAt?: number | undefined; simulationInstanceId?: string | undefined; display_name?: string | undefined; numSounds?: number | un...'.
                    Types of parameters 'onSave' and 'onSave' are incompatible.
                      Types of parameters 'pastState' and 'pastState' are incompatible.
                        Type 'unknown' is not assignable to type '{ simulationConfigs: ({ isRunning: boolean; progress: number; currentSimulationRunId: null; type: "resonance"; id: string; state: SimulationState; createdAt: number; completedAt?: number; simulationInstanceId?: string; display_name?: string; numSounds?: number; } | { ...; } | { ...; })[]; activeSimulationIndex: numb...'.
src/store/index.ts(65,3): error TS2345: Argument of type 'StoreApi<TemporalState<{ instances: { [x: string]: PyroomInstanceState; }; }>>' is not assignable to parameter of type 'AnyTemporalStore'.
  Types of property 'setState' are incompatible.
    Type '{ (partial: TemporalState<{ instances: { [x: string]: PyroomInstanceState; }; }> | Partial<TemporalState<{ instances: { [x: string]: PyroomInstanceState; }; }>> | ((state: TemporalState<...>) => TemporalState<...> | Partial<...>), replace?: false | undefined): void; (state: TemporalState<...> | ((state: TemporalStat...' is not assignable to type '(partial: Partial<TemporalState<unknown>> | ((s: TemporalState<unknown>) => Partial<TemporalState<unknown>>)) => void'.
      Types of parameters 'partial' and 'partial' are incompatible.
        Type 'Partial<TemporalState<unknown>> | ((s: TemporalState<unknown>) => Partial<TemporalState<unknown>>)' is not assignable to type 'TemporalState<{ instances: { [x: string]: PyroomInstanceState; }; }> | Partial<TemporalState<{ instances: { [x: string]: PyroomInstanceState; }; }>> | ((state: TemporalState<...>) => TemporalState<...> | Partial<...>)'.
          Type 'Partial<TemporalState<unknown>>' is not assignable to type 'TemporalState<{ instances: { [x: string]: PyroomInstanceState; }; }> | Partial<TemporalState<{ instances: { [x: string]: PyroomInstanceState; }; }>> | ((state: TemporalState<...>) => TemporalState<...> | Partial<...>)'.
            Type 'Partial<TemporalState<unknown>>' is not assignable to type 'Partial<TemporalState<{ instances: { [x: string]: PyroomInstanceState; }; }>>'.
              Types of property 'setOnSave' are incompatible.
                Type '((onSave: onSave<unknown>) => void) | undefined' is not assignable to type '((onSave: onSave<{ instances: { [x: string]: PyroomInstanceState; }; }>) => void) | undefined'.
                  Type '(onSave: onSave<unknown>) => void' is not assignable to type '(onSave: onSave<{ instances: { [x: string]: PyroomInstanceState; }; }>) => void'.
                    Types of parameters 'onSave' and 'onSave' are incompatible.
                      Types of parameters 'pastState' and 'pastState' are incompatible.
                        Type 'unknown' is not assignable to type '{ instances: { [x: string]: PyroomInstanceState; }; }'.
src/store/index.ts(70,3): error TS2345: Argument of type 'StoreApi<TemporalState<{ instances: { [k: string]: { isRunning: boolean; progress: number; status: string; error: null; materials: ChorasMaterial[]; faceMaterialAssignments: Record<number, string>; ... 5 more ...; sourceReceiverIRMapping?: SourceReceiverIRMapping | undefined; }; }; }>>' is not assignable to parameter of type 'AnyTemporalStore'.
  Types of property 'setState' are incompatible.
    Type '{ (partial: TemporalState<{ instances: { [k: string]: { isRunning: boolean; progress: number; status: string; error: null; materials: ChorasMaterial[]; faceMaterialAssignments: Record<number, string>; ... 5 more ...; sourceReceiverIRMapping?: SourceReceiverIRMapping | undefined; }; }; }> | Partial<...> | ((state: Te...' is not assignable to type '(partial: Partial<TemporalState<unknown>> | ((s: TemporalState<unknown>) => Partial<TemporalState<unknown>>)) => void'.
      Types of parameters 'partial' and 'partial' are incompatible.
        Type 'Partial<TemporalState<unknown>> | ((s: TemporalState<unknown>) => Partial<TemporalState<unknown>>)' is not assignable to type 'TemporalState<{ instances: { [k: string]: { isRunning: boolean; progress: number; status: string; error: null; materials: ChorasMaterial[]; faceMaterialAssignments: Record<number, string>; ... 5 more ...; sourceReceiverIRMapping?: SourceReceiverIRMapping | undefined; }; }; }> | Partial<...> | ((state: TemporalState<...'.
          Type 'Partial<TemporalState<unknown>>' is not assignable to type 'TemporalState<{ instances: { [k: string]: { isRunning: boolean; progress: number; status: string; error: null; materials: ChorasMaterial[]; faceMaterialAssignments: Record<number, string>; ... 5 more ...; sourceReceiverIRMapping?: SourceReceiverIRMapping | undefined; }; }; }> | Partial<...> | ((state: TemporalState<...'.
            Type 'Partial<TemporalState<unknown>>' is not assignable to type 'Partial<TemporalState<{ instances: { [k: string]: { isRunning: boolean; progress: number; status: string; error: null; materials: ChorasMaterial[]; faceMaterialAssignments: Record<number, string>; ... 5 more ...; sourceReceiverIRMapping?: SourceReceiverIRMapping | undefined; }; }; }>>'.
              Types of property 'setOnSave' are incompatible.
                Type '((onSave: onSave<unknown>) => void) | undefined' is not assignable to type '((onSave: onSave<{ instances: { [k: string]: { isRunning: boolean; progress: number; status: string; error: null; materials: ChorasMaterial[]; faceMaterialAssignments: Record<number, string>; ... 5 more ...; sourceReceiverIRMapping?: SourceReceiverIRMapping | undefined; }; }; }>) => void) | undefined'.
                  Type '(onSave: onSave<unknown>) => void' is not assignable to type '(onSave: onSave<{ instances: { [k: string]: { isRunning: boolean; progress: number; status: string; error: null; materials: ChorasMaterial[]; faceMaterialAssignments: Record<number, string>; ... 5 more ...; sourceReceiverIRMapping?: SourceReceiverIRMapping | undefined; }; }; }>) => void'.
                    Types of parameters 'onSave' and 'onSave' are incompatible.
                      Types of parameters 'pastState' and 'pastState' are incompatible.
                        Type 'unknown' is not assignable to type '{ instances: { [k: string]: { isRunning: boolean; progress: number; status: string; error: null; materials: ChorasMaterial[]; faceMaterialAssignments: Record<number, string>; simulationSettings: ChorasSimulationSettings; ... 4 more ...; sourceReceiverIRMapping?: SourceReceiverIRMapping; }; }; }'.
src/store/index.ts(75,3): error TS2345: Argument of type 'StoreApi<TemporalState<{ soundConfigs: { uploadedAudioBuffer: undefined; uploadedAudioUrl: undefined; librarySearchState: { isSearching: boolean; results: LibrarySearchResult[]; selectedSound: LibrarySearchResult | null; error: string | null; } | undefined; ... 14 more ...; catalogSelectedCategory?: { ...; } | undef...' is not assignable to parameter of type 'AnyTemporalStore'.
  Types of property 'setState' are incompatible.
    Type '{ (partial: TemporalState<{ soundConfigs: { uploadedAudioBuffer: undefined; uploadedAudioUrl: undefined; librarySearchState: { isSearching: boolean; results: LibrarySearchResult[]; selectedSound: LibrarySearchResult | null; error: string | null; } | undefined; ... 14 more ...; catalogSelectedCategory?: { ...; } | un...' is not assignable to type '(partial: Partial<TemporalState<unknown>> | ((s: TemporalState<unknown>) => Partial<TemporalState<unknown>>)) => void'.
      Types of parameters 'partial' and 'partial' are incompatible.
        Type 'Partial<TemporalState<unknown>> | ((s: TemporalState<unknown>) => Partial<TemporalState<unknown>>)' is not assignable to type 'TemporalState<{ soundConfigs: { uploadedAudioBuffer: undefined; uploadedAudioUrl: undefined; librarySearchState: { isSearching: boolean; results: LibrarySearchResult[]; selectedSound: LibrarySearchResult | null; error: string | null; } | undefined; ... 14 more ...; catalogSelectedCategory?: { ...; } | undefined; }[]...'.
          Type 'Partial<TemporalState<unknown>>' is not assignable to type 'TemporalState<{ soundConfigs: { uploadedAudioBuffer: undefined; uploadedAudioUrl: undefined; librarySearchState: { isSearching: boolean; results: LibrarySearchResult[]; selectedSound: LibrarySearchResult | null; error: string | null; } | undefined; ... 14 more ...; catalogSelectedCategory?: { ...; } | undefined; }[]...'.
            Type 'Partial<TemporalState<unknown>>' is not assignable to type 'Partial<TemporalState<{ soundConfigs: { uploadedAudioBuffer: undefined; uploadedAudioUrl: undefined; librarySearchState: { isSearching: boolean; results: LibrarySearchResult[]; selectedSound: LibrarySearchResult | null; error: string | null; } | undefined; ... 14 more ...; catalogSelectedCategory?: { ...; } | undefi...'.
              Types of property 'setOnSave' are incompatible.
                Type '((onSave: onSave<unknown>) => void) | undefined' is not assignable to type '((onSave: onSave<{ soundConfigs: { uploadedAudioBuffer: undefined; uploadedAudioUrl: undefined; librarySearchState: { isSearching: boolean; results: LibrarySearchResult[]; selectedSound: LibrarySearchResult | null; error: string | null; } | undefined; ... 14 more ...; catalogSelectedCategory?: { ...; } | undefined; ...'.
                  Type '(onSave: onSave<unknown>) => void' is not assignable to type '(onSave: onSave<{ soundConfigs: { uploadedAudioBuffer: undefined; uploadedAudioUrl: undefined; librarySearchState: { isSearching: boolean; results: LibrarySearchResult[]; selectedSound: LibrarySearchResult | null; error: string | null; } | undefined; ... 14 more ...; catalogSelectedCategory?: { ...; } | undefined; }...'.
                    Types of parameters 'onSave' and 'onSave' are incompatible.
                      Types of parameters 'pastState' and 'pastState' are incompatible.
                        Type 'unknown' is not assignable to type '{ soundConfigs: { uploadedAudioBuffer: undefined; uploadedAudioUrl: undefined; librarySearchState: { isSearching: boolean; results: LibrarySearchResult[]; selectedSound: LibrarySearchResult | null; error: string | null; } | undefined; ... 14 more ...; catalogSelectedCategory?: { id: string; name: string; }; }[]; ......'.
src/store/index.ts(80,3): error TS2345: Argument of type 'StoreApi<TemporalState<{ aiPrompt: string; numSounds: number; selectedDiverseEntities: any[]; }>>' is not assignable to parameter of type 'AnyTemporalStore'.
  Types of property 'setState' are incompatible.
    Type '{ (partial: TemporalState<{ aiPrompt: string; numSounds: number; selectedDiverseEntities: any[]; }> | Partial<TemporalState<{ aiPrompt: string; numSounds: number; selectedDiverseEntities: any[]; }>> | ((state: TemporalState<...>) => TemporalState<...> | Partial<...>), replace?: false | undefined): void; (state: Temp...' is not assignable to type '(partial: Partial<TemporalState<unknown>> | ((s: TemporalState<unknown>) => Partial<TemporalState<unknown>>)) => void'.
      Types of parameters 'partial' and 'partial' are incompatible.
        Type 'Partial<TemporalState<unknown>> | ((s: TemporalState<unknown>) => Partial<TemporalState<unknown>>)' is not assignable to type 'TemporalState<{ aiPrompt: string; numSounds: number; selectedDiverseEntities: any[]; }> | Partial<TemporalState<{ aiPrompt: string; numSounds: number; selectedDiverseEntities: any[]; }>> | ((state: TemporalState<...>) => TemporalState<...> | Partial<...>)'.
          Type 'Partial<TemporalState<unknown>>' is not assignable to type 'TemporalState<{ aiPrompt: string; numSounds: number; selectedDiverseEntities: any[]; }> | Partial<TemporalState<{ aiPrompt: string; numSounds: number; selectedDiverseEntities: any[]; }>> | ((state: TemporalState<...>) => TemporalState<...> | Partial<...>)'.
            Type 'Partial<TemporalState<unknown>>' is not assignable to type 'Partial<TemporalState<{ aiPrompt: string; numSounds: number; selectedDiverseEntities: any[]; }>>'.
              Types of property 'setOnSave' are incompatible.
                Type '((onSave: onSave<unknown>) => void) | undefined' is not assignable to type '((onSave: onSave<{ aiPrompt: string; numSounds: number; selectedDiverseEntities: any[]; }>) => void) | undefined'.
                  Type '(onSave: onSave<unknown>) => void' is not assignable to type '(onSave: onSave<{ aiPrompt: string; numSounds: number; selectedDiverseEntities: any[]; }>) => void'.
                    Types of parameters 'onSave' and 'onSave' are incompatible.
                      Types of parameters 'pastState' and 'pastState' are incompatible.
                        Type 'unknown' is not assignable to type '{ aiPrompt: string; numSounds: number; selectedDiverseEntities: any[]; }'.
src/store/index.ts(85,3): error TS2345: Argument of type 'StoreApi<TemporalState<{ analysisConfigs: (TextAnalysisConfig | { audioFile: null; audioBuffer: null; type: "audio"; audioInfo: SEDAudioInfo | null; analysisOptions: SEDAnalysisOptions; display_name?: string | undefined; numSounds?: number | undefined; } | { ...; })[]; activeAnalysisTab: number; analysisResults: Ana...' is not assignable to parameter of type 'AnyTemporalStore'.
  Types of property 'setState' are incompatible.
    Type '{ (partial: TemporalState<{ analysisConfigs: (TextAnalysisConfig | { audioFile: null; audioBuffer: null; type: "audio"; audioInfo: SEDAudioInfo | null; analysisOptions: SEDAnalysisOptions; display_name?: string | undefined; numSounds?: number | undefined; } | { ...; })[]; activeAnalysisTab: number; analysisResults: ...' is not assignable to type '(partial: Partial<TemporalState<unknown>> | ((s: TemporalState<unknown>) => Partial<TemporalState<unknown>>)) => void'.
      Types of parameters 'partial' and 'partial' are incompatible.
        Type 'Partial<TemporalState<unknown>> | ((s: TemporalState<unknown>) => Partial<TemporalState<unknown>>)' is not assignable to type 'TemporalState<{ analysisConfigs: (TextAnalysisConfig | { audioFile: null; audioBuffer: null; type: "audio"; audioInfo: SEDAudioInfo | null; analysisOptions: SEDAnalysisOptions; display_name?: string | undefined; numSounds?: number | undefined; } | { ...; })[]; activeAnalysisTab: number; analysisResults: AnalysisResu...'.
          Type 'Partial<TemporalState<unknown>>' is not assignable to type 'TemporalState<{ analysisConfigs: (TextAnalysisConfig | { audioFile: null; audioBuffer: null; type: "audio"; audioInfo: SEDAudioInfo | null; analysisOptions: SEDAnalysisOptions; display_name?: string | undefined; numSounds?: number | undefined; } | { ...; })[]; activeAnalysisTab: number; analysisResults: AnalysisResu...'.
            Type 'Partial<TemporalState<unknown>>' is not assignable to type 'Partial<TemporalState<{ analysisConfigs: (TextAnalysisConfig | { audioFile: null; audioBuffer: null; type: "audio"; audioInfo: SEDAudioInfo | null; analysisOptions: SEDAnalysisOptions; display_name?: string | undefined; numSounds?: number | undefined; } | { ...; })[]; activeAnalysisTab: number; analysisResults: Anal...'.
              Types of property 'setOnSave' are incompatible.
                Type '((onSave: onSave<unknown>) => void) | undefined' is not assignable to type '((onSave: onSave<{ analysisConfigs: (TextAnalysisConfig | { audioFile: null; audioBuffer: null; type: "audio"; audioInfo: SEDAudioInfo | null; analysisOptions: SEDAnalysisOptions; display_name?: string | undefined; numSounds?: number | undefined; } | { ...; })[]; activeAnalysisTab: number; analysisResults: AnalysisR...'.
                  Type '(onSave: onSave<unknown>) => void' is not assignable to type '(onSave: onSave<{ analysisConfigs: (TextAnalysisConfig | { audioFile: null; audioBuffer: null; type: "audio"; audioInfo: SEDAudioInfo | null; analysisOptions: SEDAnalysisOptions; display_name?: string | undefined; numSounds?: number | undefined; } | { ...; })[]; activeAnalysisTab: number; analysisResults: AnalysisRe...'.
                    Types of parameters 'onSave' and 'onSave' are incompatible.
                      Types of parameters 'pastState' and 'pastState' are incompatible.
                        Type 'unknown' is not assignable to type '{ analysisConfigs: (TextAnalysisConfig | { audioFile: null; audioBuffer: null; type: "audio"; audioInfo: SEDAudioInfo | null; analysisOptions: SEDAnalysisOptions; display_name?: string; numSounds?: number; } | { ...; })[]; activeAnalysisTab: number; analysisResults: AnalysisResult[]; }'.
src/store/index.ts(90,3): error TS2345: Argument of type 'StoreApi<TemporalState<{ sedDetectedSounds: DetectedSound[]; sedAnalysisOptions: { analyze_amplitudes: boolean; analyze_durations: boolean; analyze_frequencies: boolean; }; }>>' is not assignable to parameter of type 'AnyTemporalStore'.
  Types of property 'setState' are incompatible.
    Type '{ (partial: TemporalState<{ sedDetectedSounds: DetectedSound[]; sedAnalysisOptions: { analyze_amplitudes: boolean; analyze_durations: boolean; analyze_frequencies: boolean; }; }> | Partial<...> | ((state: TemporalState<...>) => TemporalState<...> | Partial<...>), replace?: false | undefined): void; (state: TemporalS...' is not assignable to type '(partial: Partial<TemporalState<unknown>> | ((s: TemporalState<unknown>) => Partial<TemporalState<unknown>>)) => void'.
      Types of parameters 'partial' and 'partial' are incompatible.
        Type 'Partial<TemporalState<unknown>> | ((s: TemporalState<unknown>) => Partial<TemporalState<unknown>>)' is not assignable to type 'TemporalState<{ sedDetectedSounds: DetectedSound[]; sedAnalysisOptions: { analyze_amplitudes: boolean; analyze_durations: boolean; analyze_frequencies: boolean; }; }> | Partial<...> | ((state: TemporalState<...>) => TemporalState<...> | Partial<...>)'.
          Type 'Partial<TemporalState<unknown>>' is not assignable to type 'TemporalState<{ sedDetectedSounds: DetectedSound[]; sedAnalysisOptions: { analyze_amplitudes: boolean; analyze_durations: boolean; analyze_frequencies: boolean; }; }> | Partial<...> | ((state: TemporalState<...>) => TemporalState<...> | Partial<...>)'.
            Type 'Partial<TemporalState<unknown>>' is not assignable to type 'Partial<TemporalState<{ sedDetectedSounds: DetectedSound[]; sedAnalysisOptions: { analyze_amplitudes: boolean; analyze_durations: boolean; analyze_frequencies: boolean; }; }>>'.
              Types of property 'setOnSave' are incompatible.
                Type '((onSave: onSave<unknown>) => void) | undefined' is not assignable to type '((onSave: onSave<{ sedDetectedSounds: DetectedSound[]; sedAnalysisOptions: { analyze_amplitudes: boolean; analyze_durations: boolean; analyze_frequencies: boolean; }; }>) => void) | undefined'.
                  Type '(onSave: onSave<unknown>) => void' is not assignable to type '(onSave: onSave<{ sedDetectedSounds: DetectedSound[]; sedAnalysisOptions: { analyze_amplitudes: boolean; analyze_durations: boolean; analyze_frequencies: boolean; }; }>) => void'.
                    Types of parameters 'onSave' and 'onSave' are incompatible.
                      Types of parameters 'pastState' and 'pastState' are incompatible.
                        Type 'unknown' is not assignable to type '{ sedDetectedSounds: DetectedSound[]; sedAnalysisOptions: { analyze_amplitudes: boolean; analyze_durations: boolean; analyze_frequencies: boolean; }; }'.
src/store/index.ts(95,3): error TS2345: Argument of type 'StoreApi<TemporalState<{ modalState: { isAnalyzing: boolean; result: ModalAnalysisResult | null; error: string | null; }; }>>' is not assignable to parameter of type 'AnyTemporalStore'.
  Types of property 'setState' are incompatible.
    Type '{ (partial: TemporalState<{ modalState: { isAnalyzing: boolean; result: ModalAnalysisResult | null; error: string | null; }; }> | Partial<TemporalState<{ modalState: { ...; }; }>> | ((state: TemporalState<...>) => TemporalState<...> | Partial<...>), replace?: false | undefined): void; (state: TemporalState<...> | ((...' is not assignable to type '(partial: Partial<TemporalState<unknown>> | ((s: TemporalState<unknown>) => Partial<TemporalState<unknown>>)) => void'.
      Types of parameters 'partial' and 'partial' are incompatible.
        Type 'Partial<TemporalState<unknown>> | ((s: TemporalState<unknown>) => Partial<TemporalState<unknown>>)' is not assignable to type 'TemporalState<{ modalState: { isAnalyzing: boolean; result: ModalAnalysisResult | null; error: string | null; }; }> | Partial<TemporalState<{ modalState: { isAnalyzing: boolean; result: ModalAnalysisResult | null; error: string | null; }; }>> | ((state: TemporalState<...>) => TemporalState<...> | Partial<...>)'.
          Type 'Partial<TemporalState<unknown>>' is not assignable to type 'TemporalState<{ modalState: { isAnalyzing: boolean; result: ModalAnalysisResult | null; error: string | null; }; }> | Partial<TemporalState<{ modalState: { isAnalyzing: boolean; result: ModalAnalysisResult | null; error: string | null; }; }>> | ((state: TemporalState<...>) => TemporalState<...> | Partial<...>)'.
            Type 'Partial<TemporalState<unknown>>' is not assignable to type 'Partial<TemporalState<{ modalState: { isAnalyzing: boolean; result: ModalAnalysisResult | null; error: string | null; }; }>>'.
              Types of property 'setOnSave' are incompatible.
                Type '((onSave: onSave<unknown>) => void) | undefined' is not assignable to type '((onSave: onSave<{ modalState: { isAnalyzing: boolean; result: ModalAnalysisResult | null; error: string | null; }; }>) => void) | undefined'.
                  Type '(onSave: onSave<unknown>) => void' is not assignable to type '(onSave: onSave<{ modalState: { isAnalyzing: boolean; result: ModalAnalysisResult | null; error: string | null; }; }>) => void'.
                    Types of parameters 'onSave' and 'onSave' are incompatible.
                      Types of parameters 'pastState' and 'pastState' are incompatible.
                        Type 'unknown' is not assignable to type '{ modalState: { isAnalyzing: boolean; result: ModalAnalysisResult | null; error: string | null; }; }'.
src/store/index.ts(100,3): error TS2345: Argument of type 'StoreApi<TemporalState<{ drawnAreas: Map<number, DrawnArea>; areaVisualStates: Map<number, AreaVisualState>; }>>' is not assignable to parameter of type 'AnyTemporalStore'.
  Types of property 'setState' are incompatible.
    Type '{ (partial: TemporalState<{ drawnAreas: Map<number, DrawnArea>; areaVisualStates: Map<number, AreaVisualState>; }> | Partial<TemporalState<{ drawnAreas: Map<...>; areaVisualStates: Map<...>; }>> | ((state: TemporalState<...>) => TemporalState<...> | Partial<...>), replace?: false | undefined): void; (state: Temporal...' is not assignable to type '(partial: Partial<TemporalState<unknown>> | ((s: TemporalState<unknown>) => Partial<TemporalState<unknown>>)) => void'.
      Types of parameters 'partial' and 'partial' are incompatible.
        Type 'Partial<TemporalState<unknown>> | ((s: TemporalState<unknown>) => Partial<TemporalState<unknown>>)' is not assignable to type 'TemporalState<{ drawnAreas: Map<number, DrawnArea>; areaVisualStates: Map<number, AreaVisualState>; }> | Partial<TemporalState<{ drawnAreas: Map<...>; areaVisualStates: Map<...>; }>> | ((state: TemporalState<...>) => TemporalState<...> | Partial<...>)'.
          Type 'Partial<TemporalState<unknown>>' is not assignable to type 'TemporalState<{ drawnAreas: Map<number, DrawnArea>; areaVisualStates: Map<number, AreaVisualState>; }> | Partial<TemporalState<{ drawnAreas: Map<...>; areaVisualStates: Map<...>; }>> | ((state: TemporalState<...>) => TemporalState<...> | Partial<...>)'.
            Type 'Partial<TemporalState<unknown>>' is not assignable to type 'Partial<TemporalState<{ drawnAreas: Map<number, DrawnArea>; areaVisualStates: Map<number, AreaVisualState>; }>>'.
              Types of property 'setOnSave' are incompatible.
                Type '((onSave: onSave<unknown>) => void) | undefined' is not assignable to type '((onSave: onSave<{ drawnAreas: Map<number, DrawnArea>; areaVisualStates: Map<number, AreaVisualState>; }>) => void) | undefined'.
                  Type '(onSave: onSave<unknown>) => void' is not assignable to type '(onSave: onSave<{ drawnAreas: Map<number, DrawnArea>; areaVisualStates: Map<number, AreaVisualState>; }>) => void'.
                    Types of parameters 'onSave' and 'onSave' are incompatible.
                      Types of parameters 'pastState' and 'pastState' are incompatible.
                        Type 'unknown' is not assignable to type '{ drawnAreas: Map<number, DrawnArea>; areaVisualStates: Map<number, AreaVisualState>; }'.
src/store/index.ts(105,3): error TS2345: Argument of type 'StoreApi<TemporalState<{ gridListeners: GridListenerData[]; }>>' is not assignable to parameter of type 'AnyTemporalStore'.
  Types of property 'setState' are incompatible.
    Type '{ (partial: TemporalState<{ gridListeners: GridListenerData[]; }> | Partial<TemporalState<{ gridListeners: GridListenerData[]; }>> | ((state: TemporalState<...>) => TemporalState<...> | Partial<...>), replace?: false | undefined): void; (state: TemporalState<...> | ((state: TemporalState<...>) => TemporalState<...>)...' is not assignable to type '(partial: Partial<TemporalState<unknown>> | ((s: TemporalState<unknown>) => Partial<TemporalState<unknown>>)) => void'.
      Types of parameters 'partial' and 'partial' are incompatible.
        Type 'Partial<TemporalState<unknown>> | ((s: TemporalState<unknown>) => Partial<TemporalState<unknown>>)' is not assignable to type 'TemporalState<{ gridListeners: GridListenerData[]; }> | Partial<TemporalState<{ gridListeners: GridListenerData[]; }>> | ((state: TemporalState<...>) => TemporalState<...> | Partial<...>)'.
          Type 'Partial<TemporalState<unknown>>' is not assignable to type 'TemporalState<{ gridListeners: GridListenerData[]; }> | Partial<TemporalState<{ gridListeners: GridListenerData[]; }>> | ((state: TemporalState<...>) => TemporalState<...> | Partial<...>)'.
            Type 'Partial<TemporalState<unknown>>' is not assignable to type 'Partial<TemporalState<{ gridListeners: GridListenerData[]; }>>'.
              Types of property 'setOnSave' are incompatible.
                Type '((onSave: onSave<unknown>) => void) | undefined' is not assignable to type '((onSave: onSave<{ gridListeners: GridListenerData[]; }>) => void) | undefined'.
                  Type '(onSave: onSave<unknown>) => void' is not assignable to type '(onSave: onSave<{ gridListeners: GridListenerData[]; }>) => void'.
                    Types of parameters 'onSave' and 'onSave' are incompatible.
                      Types of parameters 'pastState' and 'pastState' are incompatible.
                        Type 'unknown' is not assignable to type '{ gridListeners: GridListenerData[]; }'.
src/store/pyroomAcousticsStore.ts(233,15): error TS2345: Argument of type '{ (partial: PyroomAcousticsStoreState | Partial<PyroomAcousticsStoreState> | ((state: PyroomAcousticsStoreState) => PyroomAcousticsStoreState | Partial<...>), replace?: false | undefined, action?: Action | undefined): void; (state: PyroomAcousticsStoreState | ((state: PyroomAcousticsStoreState) => PyroomAcousticsSto...' is not assignable to parameter of type '(partial: Partial<PyroomAcousticsStoreState> | ((s: PyroomAcousticsStoreState) => Partial<PyroomAcousticsStoreState>), replace?: boolean | undefined, action?: string | undefined) => void'.
  Types of parameters 'replace' and 'replace' are incompatible.
    Type 'boolean | undefined' is not assignable to type 'false | undefined'.
      Type 'true' is not assignable to type 'false'.
src/store/pyroomAcousticsStore.ts(261,25): error TS2345: Argument of type '{ (partial: PyroomAcousticsStoreState | Partial<PyroomAcousticsStoreState> | ((state: PyroomAcousticsStoreState) => PyroomAcousticsStoreState | Partial<...>), replace?: false | undefined, action?: Action | undefined): void; (state: PyroomAcousticsStoreState | ((state: PyroomAcousticsStoreState) => PyroomAcousticsSto...' is not assignable to parameter of type '(partial: Partial<PyroomAcousticsStoreState> | ((s: PyroomAcousticsStoreState) => Partial<PyroomAcousticsStoreState>), replace?: boolean | undefined, action?: string | undefined) => void'.
  Types of parameters 'replace' and 'replace' are incompatible.
    Type 'boolean | undefined' is not assignable to type 'false | undefined'.
      Type 'true' is not assignable to type 'false'.
src/store/pyroomAcousticsStore.ts(283,25): error TS2345: Argument of type '{ (partial: PyroomAcousticsStoreState | Partial<PyroomAcousticsStoreState> | ((state: PyroomAcousticsStoreState) => PyroomAcousticsStoreState | Partial<...>), replace?: false | undefined, action?: Action | undefined): void; (state: PyroomAcousticsStoreState | ((state: PyroomAcousticsStoreState) => PyroomAcousticsSto...' is not assignable to parameter of type '(partial: Partial<PyroomAcousticsStoreState> | ((s: PyroomAcousticsStoreState) => Partial<PyroomAcousticsStoreState>), replace?: boolean | undefined, action?: string | undefined) => void'.
  Types of parameters 'replace' and 'replace' are incompatible.
    Type 'boolean | undefined' is not assignable to type 'false | undefined'.
      Type 'true' is not assignable to type 'false'.
src/store/pyroomAcousticsStore.ts(300,27): error TS2345: Argument of type '{ (partial: PyroomAcousticsStoreState | Partial<PyroomAcousticsStoreState> | ((state: PyroomAcousticsStoreState) => PyroomAcousticsStoreState | Partial<...>), replace?: false | undefined, action?: Action | undefined): void; (state: PyroomAcousticsStoreState | ((state: PyroomAcousticsStoreState) => PyroomAcousticsSto...' is not assignable to parameter of type '(partial: Partial<PyroomAcousticsStoreState> | ((s: PyroomAcousticsStoreState) => Partial<PyroomAcousticsStoreState>), replace?: boolean | undefined, action?: string | undefined) => void'.
  Types of parameters 'replace' and 'replace' are incompatible.
    Type 'boolean | undefined' is not assignable to type 'false | undefined'.
      Type 'true' is not assignable to type 'false'.
src/store/pyroomAcousticsStore.ts(309,17): error TS2345: Argument of type '{ (partial: PyroomAcousticsStoreState | Partial<PyroomAcousticsStoreState> | ((state: PyroomAcousticsStoreState) => PyroomAcousticsStoreState | Partial<...>), replace?: false | undefined, action?: Action | undefined): void; (state: PyroomAcousticsStoreState | ((state: PyroomAcousticsStoreState) => PyroomAcousticsSto...' is not assignable to parameter of type '(partial: Partial<PyroomAcousticsStoreState> | ((s: PyroomAcousticsStoreState) => Partial<PyroomAcousticsStoreState>), replace?: boolean | undefined, action?: string | undefined) => void'.
  Types of parameters 'replace' and 'replace' are incompatible.
    Type 'boolean | undefined' is not assignable to type 'false | undefined'.
      Type 'true' is not assignable to type 'false'.
src/store/pyroomAcousticsStore.ts(319,19): error TS2345: Argument of type '{ (partial: PyroomAcousticsStoreState | Partial<PyroomAcousticsStoreState> | ((state: PyroomAcousticsStoreState) => PyroomAcousticsStoreState | Partial<...>), replace?: false | undefined, action?: Action | undefined): void; (state: PyroomAcousticsStoreState | ((state: PyroomAcousticsStoreState) => PyroomAcousticsSto...' is not assignable to parameter of type '(partial: Partial<PyroomAcousticsStoreState> | ((s: PyroomAcousticsStoreState) => Partial<PyroomAcousticsStoreState>), replace?: boolean | undefined, action?: string | undefined) => void'.
  Types of parameters 'replace' and 'replace' are incompatible.
    Type 'boolean | undefined' is not assignable to type 'false | undefined'.
      Type 'true' is not assignable to type 'false'.
src/store/pyroomAcousticsStore.ts(336,15): error TS2345: Argument of type '{ (partial: PyroomAcousticsStoreState | Partial<PyroomAcousticsStoreState> | ((state: PyroomAcousticsStoreState) => PyroomAcousticsStoreState | Partial<...>), replace?: false | undefined, action?: Action | undefined): void; (state: PyroomAcousticsStoreState | ((state: PyroomAcousticsStoreState) => PyroomAcousticsSto...' is not assignable to parameter of type '(partial: Partial<PyroomAcousticsStoreState> | ((s: PyroomAcousticsStoreState) => Partial<PyroomAcousticsStoreState>), replace?: boolean | undefined, action?: string | undefined) => void'.
  Types of parameters 'replace' and 'replace' are incompatible.
    Type 'boolean | undefined' is not assignable to type 'false | undefined'.
      Type 'true' is not assignable to type 'false'.
src/store/pyroomAcousticsStore.ts(345,13): error TS2345: Argument of type '{ (partial: PyroomAcousticsStoreState | Partial<PyroomAcousticsStoreState> | ((state: PyroomAcousticsStoreState) => PyroomAcousticsStoreState | Partial<...>), replace?: false | undefined, action?: Action | undefined): void; (state: PyroomAcousticsStoreState | ((state: PyroomAcousticsStoreState) => PyroomAcousticsSto...' is not assignable to parameter of type '(partial: Partial<PyroomAcousticsStoreState> | ((s: PyroomAcousticsStoreState) => Partial<PyroomAcousticsStoreState>), replace?: boolean | undefined, action?: string | undefined) => void'.
  Types of parameters 'replace' and 'replace' are incompatible.
    Type 'boolean | undefined' is not assignable to type 'false | undefined'.
      Type 'true' is not assignable to type 'false'.
src/store/pyroomAcousticsStore.ts(384,27): error TS2345: Argument of type '{ (partial: PyroomAcousticsStoreState | Partial<PyroomAcousticsStoreState> | ((state: PyroomAcousticsStoreState) => PyroomAcousticsStoreState | Partial<...>), replace?: false | undefined, action?: Action | undefined): void; (state: PyroomAcousticsStoreState | ((state: PyroomAcousticsStoreState) => PyroomAcousticsSto...' is not assignable to parameter of type '(partial: Partial<PyroomAcousticsStoreState> | ((s: PyroomAcousticsStoreState) => Partial<PyroomAcousticsStoreState>), replace?: boolean | undefined, action?: string | undefined) => void'.
  Types of parameters 'replace' and 'replace' are incompatible.
    Type 'boolean | undefined' is not assignable to type 'false | undefined'.
      Type 'true' is not assignable to type 'false'.
src/store/pyroomAcousticsStore.ts(403,19): error TS2345: Argument of type '{ (partial: PyroomAcousticsStoreState | Partial<PyroomAcousticsStoreState> | ((state: PyroomAcousticsStoreState) => PyroomAcousticsStoreState | Partial<...>), replace?: false | undefined, action?: Action | undefined): void; (state: PyroomAcousticsStoreState | ((state: PyroomAcousticsStoreState) => PyroomAcousticsSto...' is not assignable to parameter of type '(partial: Partial<PyroomAcousticsStoreState> | ((s: PyroomAcousticsStoreState) => Partial<PyroomAcousticsStoreState>), replace?: boolean | undefined, action?: string | undefined) => void'.
  Types of parameters 'replace' and 'replace' are incompatible.
    Type 'boolean | undefined' is not assignable to type 'false | undefined'.
      Type 'true' is not assignable to type 'false'.
src/store/pyroomAcousticsStore.ts(417,21): error TS2345: Argument of type '{ (partial: PyroomAcousticsStoreState | Partial<PyroomAcousticsStoreState> | ((state: PyroomAcousticsStoreState) => PyroomAcousticsStoreState | Partial<...>), replace?: false | undefined, action?: Action | undefined): void; (state: PyroomAcousticsStoreState | ((state: PyroomAcousticsStoreState) => PyroomAcousticsSto...' is not assignable to parameter of type '(partial: Partial<PyroomAcousticsStoreState> | ((s: PyroomAcousticsStoreState) => Partial<PyroomAcousticsStoreState>), replace?: boolean | undefined, action?: string | undefined) => void'.
  Types of parameters 'replace' and 'replace' are incompatible.
    Type 'boolean | undefined' is not assignable to type 'false | undefined'.
      Type 'true' is not assignable to type 'false'.
src/store/pyroomAcousticsStore.ts(428,21): error TS2345: Argument of type '{ (partial: PyroomAcousticsStoreState | Partial<PyroomAcousticsStoreState> | ((state: PyroomAcousticsStoreState) => PyroomAcousticsStoreState | Partial<...>), replace?: false | undefined, action?: Action | undefined): void; (state: PyroomAcousticsStoreState | ((state: PyroomAcousticsStoreState) => PyroomAcousticsSto...' is not assignable to parameter of type '(partial: Partial<PyroomAcousticsStoreState> | ((s: PyroomAcousticsStoreState) => Partial<PyroomAcousticsStoreState>), replace?: boolean | undefined, action?: string | undefined) => void'.
  Types of parameters 'replace' and 'replace' are incompatible.
    Type 'boolean | undefined' is not assignable to type 'false | undefined'.
      Type 'true' is not assignable to type 'false'.
src/store/pyroomAcousticsStore.ts(461,94): error TS2554: Expected 1 arguments, but got 2.
src/store/pyroomAcousticsStore.ts(464,21): error TS2345: Argument of type '{ (partial: PyroomAcousticsStoreState | Partial<PyroomAcousticsStoreState> | ((state: PyroomAcousticsStoreState) => PyroomAcousticsStoreState | Partial<...>), replace?: false | undefined, action?: Action | undefined): void; (state: PyroomAcousticsStoreState | ((state: PyroomAcousticsStoreState) => PyroomAcousticsSto...' is not assignable to parameter of type '(partial: Partial<PyroomAcousticsStoreState> | ((s: PyroomAcousticsStoreState) => Partial<PyroomAcousticsStoreState>), replace?: boolean | undefined, action?: string | undefined) => void'.
  Types of parameters 'replace' and 'replace' are incompatible.
    Type 'boolean | undefined' is not assignable to type 'false | undefined'.
      Type 'true' is not assignable to type 'false'.
src/store/pyroomAcousticsStore.ts(489,19): error TS2345: Argument of type '{ (partial: PyroomAcousticsStoreState | Partial<PyroomAcousticsStoreState> | ((state: PyroomAcousticsStoreState) => PyroomAcousticsStoreState | Partial<...>), replace?: false | undefined, action?: Action | undefined): void; (state: PyroomAcousticsStoreState | ((state: PyroomAcousticsStoreState) => PyroomAcousticsSto...' is not assignable to parameter of type '(partial: Partial<PyroomAcousticsStoreState> | ((s: PyroomAcousticsStoreState) => Partial<PyroomAcousticsStoreState>), replace?: boolean | undefined, action?: string | undefined) => void'.
  Types of parameters 'replace' and 'replace' are incompatible.
    Type 'boolean | undefined' is not assignable to type 'false | undefined'.
      Type 'true' is not assignable to type 'false'.
src/store/pyroomAcousticsStore.ts(502,27): error TS2345: Argument of type '{ (partial: PyroomAcousticsStoreState | Partial<PyroomAcousticsStoreState> | ((state: PyroomAcousticsStoreState) => PyroomAcousticsStoreState | Partial<...>), replace?: false | undefined, action?: Action | undefined): void; (state: PyroomAcousticsStoreState | ((state: PyroomAcousticsStoreState) => PyroomAcousticsSto...' is not assignable to parameter of type '(partial: Partial<PyroomAcousticsStoreState> | ((s: PyroomAcousticsStoreState) => Partial<PyroomAcousticsStoreState>), replace?: boolean | undefined, action?: string | undefined) => void'.
  Types of parameters 'replace' and 'replace' are incompatible.
    Type 'boolean | undefined' is not assignable to type 'false | undefined'.
      Type 'true' is not assignable to type 'false'.
src/store/pyroomAcousticsStore.ts(505,15): error TS2345: Argument of type '{ (partial: PyroomAcousticsStoreState | Partial<PyroomAcousticsStoreState> | ((state: PyroomAcousticsStoreState) => PyroomAcousticsStoreState | Partial<...>), replace?: false | undefined, action?: Action | undefined): void; (state: PyroomAcousticsStoreState | ((state: PyroomAcousticsStoreState) => PyroomAcousticsSto...' is not assignable to parameter of type '(partial: Partial<PyroomAcousticsStoreState> | ((s: PyroomAcousticsStoreState) => Partial<PyroomAcousticsStoreState>), replace?: boolean | undefined, action?: string | undefined) => void'.
  Types of parameters 'replace' and 'replace' are incompatible.
    Type 'boolean | undefined' is not assignable to type 'false | undefined'.
      Type 'true' is not assignable to type 'false'.
src/store/pyroomAcousticsStore.ts(524,13): error TS2345: Argument of type '{ (partial: PyroomAcousticsStoreState | Partial<PyroomAcousticsStoreState> | ((state: PyroomAcousticsStoreState) => PyroomAcousticsStoreState | Partial<...>), replace?: false | undefined, action?: Action | undefined): void; (state: PyroomAcousticsStoreState | ((state: PyroomAcousticsStoreState) => PyroomAcousticsSto...' is not assignable to parameter of type '(partial: Partial<PyroomAcousticsStoreState> | ((s: PyroomAcousticsStoreState) => Partial<PyroomAcousticsStoreState>), replace?: boolean | undefined, action?: string | undefined) => void'.
  Types of parameters 'replace' and 'replace' are incompatible.
    Type 'boolean | undefined' is not assignable to type 'false | undefined'.
      Type 'true' is not assignable to type 'false'.
src/store/sedStore.ts(142,27): error TS2339: Property 'label' does not exist on type 'DetectedSound'.
src/store/sedStore.ts(143,29): error TS2339: Property 'duration' does not exist on type 'DetectedSound'.
src/store/sedStore.ts(150,37): error TS2339: Property 'interval_seconds' does not exist on type 'DetectedSound'.
src/store/soundscapeStore.ts(34,37): error TS5097: An import path can only end with a '.mts' extension when 'allowImportingTsExtensions' is enabled.
src/store/soundscapeStore.ts(1142,29): error TS2339: Property 'llmModel' does not exist on type '{ negativePrompt?: string | undefined; audioModel?: string | undefined; }'.
src/store/soundscapeStore.ts(1142,76): error TS2339: Property 'llmModel' does not exist on type '{ negativePrompt?: string | undefined; audioModel?: string | undefined; }'.
